../Core/Inc/bno055_stm32.h:20:6:bno055_assignI2C	16	static
../Core/Inc/bno055_stm32.h:24:6:bno055_delay	16	static
../Core/Inc/bno055_stm32.h:32:6:bno055_writeData	40	static
../Core/Inc/bno055_stm32.h:98:6:bno055_readData	24	static
../Core/Src/main.c:153:9:computeDeltaCNT	24	static
../Core/Src/main.c:160:6:setMotorDirection	24	static
../Core/Src/main.c:171:5:computeNecessaryWheelSpeeds	72	static
../Core/Src/main.c:180:5:globalSpeedsFromU	48	static
../Core/Src/main.c:211:5:main	24	static
../Core/Src/main.c:402:6:SystemClock_Config	128	static
../Core/Src/main.c:466:13:MX_I2C1_Init	8	static
../Core/Src/main.c:514:13:MX_TIM1_Init	56	static
../Core/Src/main.c:565:13:MX_TIM2_Init	56	static
../Core/Src/main.c:614:13:MX_TIM4_Init	56	static
../Core/Src/main.c:663:13:MX_TIM5_Init	48	static
../Core/Src/main.c:712:13:MX_TIM8_Init	56	static
../Core/Src/main.c:763:13:MX_TIM12_Init	64	static
../Core/Src/main.c:822:13:MX_TIM13_Init	40	static
../Core/Src/main.c:868:13:MX_TIM14_Init	40	static
../Core/Src/main.c:914:13:MX_TIM15_Init	96	static
../Core/Src/main.c:980:13:MX_USART3_UART_Init	8	static
../Core/Src/main.c:1028:13:MX_GPIO_Init	56	static
../Core/Src/main.c:1088:6:StartDefaultTask	16	static
../Core/Src/main.c:1107:6:HAL_UART_RxCpltCallback	16	static
../Core/Src/main.c:1131:6:start_UART_RX_Task	512	static
../Core/Src/main.c:1216:6:Start_UART_TX_Task	1304	static
../Core/Src/main.c:1317:6:StartControlTask	696	static
../Core/Src/main.c:1631:6:HAL_TIM_PeriodElapsedCallback	16	static
../Core/Src/main.c:1648:6:Error_Handler	4	static,ignoring_inline_asm
